---
source: types/src/crypto/signatures/keys.rs
expression: "PhnxCodec::to_vec(&key).unwrap()"
extension: cbor
snapshot_kind: binary
---
