---
source: types/src/crypto/signatures/keys.rs
expression: key
---
[
  1,
  2,
  3
]
