---
source: backend/src/ds/group_state/mod.rs
expression: "&*DELETED_QUEUES"
---
[
  {
    "ciphertext": {
      "kem_output": {
        "vec": [
          1,
          2,
          3
        ]
      },
      "ciphertext": {
        "vec": [
          4,
          5,
          6
        ]
      }
    }
  },
  {
    "ciphertext": {
      "kem_output": {
        "vec": [
          7,
          8,
          9
        ]
      },
      "ciphertext": {
        "vec": [
          10,
          11,
          12
        ]
      }
    }
  }
]
