---
source: backend/src/ds/group_state/mod.rs
expression: "PhnxCodec::to_vec(&*DELETED_QUEUES).unwrap()"
extension: cbor
snapshot_kind: binary
---
