---
source: types/src/messages/mod.rs
expression: "PhnxCodec::to_vec(&message).unwrap()"
extension: cbor
snapshot_kind: binary
---
