---
source: backend/src/auth_service/user_record.rs
expression: "PhnxCodec::to_vec(&*PASSWORD_FILE).unwrap()"
extension: cbor
snapshot_kind: binary
---
