---
source: backend/src/auth_service/privacy_pass.rs
expression: "PhnxCodec::to_vec(&*SERVER).unwrap()"
extension: cbor
snapshot_kind: binary
---
