---
source: types/src/crypto/mod.rs
expression: "&key"
---
[
  1,
  2,
  3
]
