---
source: types/src/crypto/mod.rs
expression: "PhnxCodec::to_vec(&key).unwrap()"
extension: cbor
snapshot_kind: binary
---
