---
source: types/src/crypto/ratchet/mod.rs
expression: queue_ratchet()
---
{
  "sequence_number": 0,
  "secret": {
    "key": {
      "secret": [
        97,
        98,
        99,
        100,
        101,
        102,
        103,
        104,
        105,
        106,
        107,
        108,
        109,
        110,
        111,
        112,
        113,
        114,
        115,
        116,
        117,
        118,
        119,
        120,
        121,
        122,
        48,
        49,
        50,
        51,
        52,
        53
      ]
    }
  },
  "key": {
    "key": {
      "secret": [
        230,
        103,
        226,
        201,
        82,
        183,
        239,
        12,
        8,
        74,
        13,
        38,
        153,
        101,
        109,
        193,
        200,
        37,
        119,
        125,
        246,
        16,
        208,
        104,
        48,
        47,
        243,
        202,
        224,
        0,
        31,
        197
      ]
    }
  },
  "_phantom": null
}
