---
source: types/src/crypto/ratchet/mod.rs
expression: "PhnxCodec::to_vec(&queue_ratchet()).unwrap()"
extension: cbor
snapshot_kind: binary
---
